Copyright 1986-2019 Xilinx, Inc. All Rights Reserved.
-----------------------------------------------------------------------------------------------------------------------------------------------------------------------------------------
| Tool Version : Vivado v.2019.1 (win64) Build 2552052 Fri May 24 14:49:42 MDT 2019
| Date         : Thu Oct 17 10:26:05 2019
| Host         : DESKTOP-65ETA1A running 64-bit major release  (build 9200)
| Command      : report_methodology -file ShiftRegisterSIPO_methodology_drc_routed.rpt -pb ShiftRegisterSIPO_methodology_drc_routed.pb -rpx ShiftRegisterSIPO_methodology_drc_routed.rpx
| Design       : ShiftRegisterSIPO
| Device       : xa7a100tcsg324-1Q
| Speed File   : -1Q
| Design State : Fully Routed
-----------------------------------------------------------------------------------------------------------------------------------------------------------------------------------------

Report Methodology

Table of Contents
-----------------
1. REPORT SUMMARY
2. REPORT DETAILS

1. REPORT SUMMARY
-----------------
            Netlist: netlist
          Floorplan: design_1
      Design limits: <entire design considered>
             Max violations: <unlimited>
             Violations found: 6
+-----------+------------------+-----------------------------+------------+
| Rule      | Severity         | Description                 | Violations |
+-----------+------------------+-----------------------------+------------+
| TIMING-17 | Critical Warning | Non-clocked sequential cell | 6          |
+-----------+------------------+-----------------------------+------------+

2. REPORT DETAILS
-----------------
TIMING-17#1 Critical Warning
Non-clocked sequential cell  
The clock pin instantiater[0].bottom.FF_D_inst/q_int_reg/C is not reached by a timing clock
Related violations: <none>

TIMING-17#2 Critical Warning
Non-clocked sequential cell  
The clock pin instantiater[1].chain.FF_D_inst/q_int_reg/C is not reached by a timing clock
Related violations: <none>

TIMING-17#3 Critical Warning
Non-clocked sequential cell  
The clock pin instantiater[1].chain.FF_D_inst/q_int_reg_lopt_replica/C is not reached by a timing clock
Related violations: <none>

TIMING-17#4 Critical Warning
Non-clocked sequential cell  
The clock pin instantiater[2].chain.FF_D_inst/q_int_reg/C is not reached by a timing clock
Related violations: <none>

TIMING-17#5 Critical Warning
Non-clocked sequential cell  
The clock pin instantiater[2].chain.FF_D_inst/q_int_reg_lopt_replica/C is not reached by a timing clock
Related violations: <none>

TIMING-17#6 Critical Warning
Non-clocked sequential cell  
The clock pin instantiater[3].chain.FF_D_inst/q_int_reg/C is not reached by a timing clock
Related violations: <none>


